#-----------------------------------------------------------
# Vivado v2024.1 (64-bit)
# SW Build 5076996 on Wed May 22 18:36:09 MDT 2024
# IP Build 5075265 on Wed May 22 21:45:21 MDT 2024
# SharedData Build 5076995 on Wed May 22 18:29:18 MDT 2024
# Start of session at: Mon Apr  7 14:36:57 2025
# Process ID: 307245
# Current directory: /home/chengwei/auto-hls4ml-pytorch/TokenReductionPT/hls/deit_tiny_w8_Bdk-1_Bffn-12_224_pruning_kr-0.1
# Command line: vivado -mode batch -source vivado_synth.tcl
# Log file: /home/chengwei/auto-hls4ml-pytorch/TokenReductionPT/hls/deit_tiny_w8_Bdk-1_Bffn-12_224_pruning_kr-0.1/vivado.log
# Journal file: /home/chengwei/auto-hls4ml-pytorch/TokenReductionPT/hls/deit_tiny_w8_Bdk-1_Bffn-12_224_pruning_kr-0.1/vivado.jou
# Running On        :PCSLasVegas.iee.nycu.edu.tw
# Platform          :unknown
# Operating System  :unknown
# Processor Detail  :AMD EPYC 7262 8-Core Processor
# CPU Frequency     :1984.159 MHz
# CPU Physical cores:8
# CPU Logical cores :16
# Host memory       :133979 MB
# Swap memory       :4294 MB
# Total Virtual     :138274 MB
# Available Virtual :117136 MB
#-----------------------------------------------------------
source vivado_synth.tcl
